13 1 5 
13 1 13 
5 2 1 3 
16 2 1 32 
11 1 15 
9 1 18 
16 2 1 18 
36 1 15 
14 1 37 
46 1 24 
12 1 5 
