5 1 9 
5 1 2 
5 1 20 
5 1 31 
5 1 51 
5 1 64 
5 1 54 
5 1 22 
5 1 24 
5 1 7 
