15 2 1 14 
25 2 1 6 
35 2 1 3 
45 2 1 44 
55 2 1 33 
65 2 1 17 
75 2 1 12 
85 2 1 25 
95 2 1 88 
105 2 1 55 
